test_files/AllEncodingstest3.input: Non-ISO extended-ASCII text
