test_files/AllEncodingstest.input: Non-ISO extended-ASCII text
