test_files/allencodingsand143.input: Non-ISO extended-ASCII text
