test_files/allencodingsand143test.input: Non-ISO extended-ASCII text
