test_files/between127to160test.input: Non-ISO extended-ASCII text
