test_files/between126to160test3.input: Non-ISO extended-ASCII text
