test_files/between126to160test.input: Non-ISO extended-ASCII text
