test_files/utf8andISOtest2.input: Non-ISO extended-ASCII text
