test_files/utf8_allbytetypes.input: UTF-8 Unicode text
