test_files/utf8_3byte_test.input: UTF-8 Unicode text
