test_files/127test.input: RDI Acoustic Doppler Current Profiler (ADCP)
