test_files/AllEncodingstest2.input: Non-ISO extended-ASCII text
