test_files/utf8andISOtest.input: Non-ISO extended-ASCII text
