test_files/utf8andISOtest3.input: Non-ISO extended-ASCII text
