test_files/utf8_4byte_test.input: UTF-8 Unicode text
