test_files/utf8withASCIItest.input: UTF-8 Unicode text
